Error: Function World does not match its end specifier.
We expected to receive World on line 4 but got Worldyrt.