Error: Function Func, which was called in line 4, was not found.
Please make sure that this function exists.