Error: Function World, which was called in line 3, was not found.
Please make sure that this function exists.