Error: Function World was declared more than once.
To fix this error, either rename the repeat definition or delete it entirely.