Error: Variable y was not initialized before it was used on line 3.
Please ensure that this variable is declared beforehand.